2026-06-29 09:05:26 [main] INFO  o.e.a.s.service.PersistenceService - Persistence type configured to: TXT
2026-06-29 09:05:26 [main] INFO  o.e.a.s.service.PersistenceService - Loading data using TXT persistence
2026-06-29 09:05:26 [main] INFO  o.e.a.s.service.PersistenceService - Loaded 0 class(es) from TXT persistence
2026-06-29 09:05:40 [JavaFX Application Thread] INFO  o.e.a.s.s.AuthenticationService - User 'admin' authenticated successfully with role: ADMIN
2026-06-29 09:05:55 [JavaFX Application Thread] INFO  o.e.a.s.service.PersistenceService - Generating persistence configuration report. Active format: TXT
2026-06-29 09:05:57 [JavaFX Application Thread] INFO  o.e.a.s.service.PersistenceService - Generating persistence configuration report. Active format: TXT
2026-06-29 09:06:00 [JavaFX Application Thread] INFO  o.e.a.s.service.PersistenceService - Generating persistence configuration report. Active format: TXT
2026-06-29 09:06:04 [JavaFX Application Thread] INFO  o.e.a.s.s.AuthenticationService - User 'admin' logged out
2026-06-29 09:06:19 [JavaFX Application Thread] INFO  o.e.a.s.s.AuthenticationService - User 'professor' authenticated successfully with role: PROFESSOR
2026-06-29 09:06:54 [JavaFX Application Thread] INFO  o.e.a.s.s.AuthenticationService - User 'professor' logged out
2026-06-29 09:07:12 [JavaFX Application Thread] INFO  o.e.a.s.s.AuthenticationService - User 'admin' authenticated successfully with role: ADMIN
2026-06-29 09:07:44 [JavaFX Application Thread] INFO  o.h.validator.internal.util.Version - HV000001: Hibernate Validator 8.0.2.Final
2026-06-29 09:07:44 [JavaFX Application Thread] INFO  o.e.a.s.service.PersistenceService - Saving 1 class(es) using TXT persistence
2026-06-29 09:07:44 [JavaFX Application Thread] INFO  o.e.a.s.service.PersistenceService - Data saved successfully using TXT format
2026-06-29 09:08:04 [JavaFX Application Thread] INFO  o.e.a.s.s.AuthenticationService - User 'admin' logged out
2026-06-29 09:08:12 [JavaFX Application Thread] INFO  o.e.a.s.s.AuthenticationService - User 'professor' authenticated successfully with role: PROFESSOR
2026-06-29 09:08:31 [JavaFX Application Thread] INFO  o.e.a.s.service.PersistenceService - Saving 1 class(es) using TXT persistence
2026-06-29 09:08:31 [JavaFX Application Thread] INFO  o.e.a.s.service.PersistenceService - Data saved successfully using TXT format
2026-06-29 09:08:45 [JavaFX Application Thread] INFO  o.e.a.system.service.ReportService - Generating class assessment summary report for role: PROFESSOR
2026-06-29 09:08:45 [JavaFX Application Thread] INFO  o.e.a.system.service.ReportService - Class assessment summary report generated successfully
2026-06-29 09:08:48 [JavaFX Application Thread] INFO  o.e.a.system.service.ReportService - Generating assessment weight report for role: PROFESSOR
2026-06-29 09:08:48 [JavaFX Application Thread] INFO  o.e.a.system.service.ReportService - Assessment weight report generated successfully
2026-06-29 09:09:04 [JavaFX Application Thread] INFO  o.e.a.s.s.AuthenticationService - User 'professor' logged out
2026-06-29 09:09:12 [JavaFX Application Thread] INFO  o.e.a.s.s.AuthenticationService - User 'admin' authenticated successfully with role: ADMIN
2026-06-29 09:09:31 [JavaFX Application Thread] INFO  o.e.a.s.service.PersistenceService - Saving 2 class(es) using TXT persistence
2026-06-29 09:09:31 [JavaFX Application Thread] INFO  o.e.a.s.service.PersistenceService - Data saved successfully using TXT format
2026-06-29 09:09:52 [JavaFX Application Thread] INFO  o.e.a.s.service.PersistenceService - Saving 2 class(es) using TXT persistence
2026-06-29 09:09:52 [JavaFX Application Thread] INFO  o.e.a.s.service.PersistenceService - Data saved successfully using TXT format
2026-06-29 09:09:59 [JavaFX Application Thread] INFO  o.e.a.s.service.PersistenceService - Generating persistence configuration report. Active format: TXT
2026-06-29 09:10:01 [JavaFX Application Thread] INFO  o.e.a.system.service.ReportService - Generating assessment weight report for role: ADMIN
2026-06-29 09:10:01 [JavaFX Application Thread] INFO  o.e.a.system.service.ReportService - Assessment weight report generated successfully
2026-06-29 09:10:05 [JavaFX Application Thread] INFO  o.e.a.system.service.ReportService - Generating class assessment summary report for role: ADMIN
2026-06-29 09:10:05 [JavaFX Application Thread] INFO  o.e.a.system.service.ReportService - Class assessment summary report generated successfully
2026-06-29 09:10:16 [JavaFX Application Thread] INFO  o.e.a.s.s.AuthenticationService - User 'admin' logged out
2026-06-29 09:25:32 [main] INFO  o.e.a.s.service.PersistenceService - Persistence type configured to: TXT
2026-06-29 09:25:32 [main] INFO  o.e.a.s.service.PersistenceService - Loading data using TXT persistence
2026-06-29 09:25:32 [main] INFO  o.h.validator.internal.util.Version - HV000001: Hibernate Validator 8.0.2.Final
2026-06-29 09:25:32 [main] INFO  o.e.a.s.service.PersistenceService - Loaded 2 class(es) from TXT persistence
2026-06-29 09:25:48 [JavaFX Application Thread] INFO  o.e.a.s.s.AuthenticationService - User 'admin' authenticated successfully with role: ADMIN
2026-06-29 09:26:32 [JavaFX Application Thread] INFO  o.e.a.s.service.PersistenceService - Saving 3 class(es) using TXT persistence
2026-06-29 09:26:32 [JavaFX Application Thread] INFO  o.e.a.s.service.PersistenceService - Data saved successfully using TXT format
2026-06-29 09:26:59 [JavaFX Application Thread] INFO  o.e.a.s.service.PersistenceService - Saving 3 class(es) using TXT persistence
2026-06-29 09:26:59 [JavaFX Application Thread] INFO  o.e.a.s.service.PersistenceService - Data saved successfully using TXT format
2026-06-29 09:27:45 [JavaFX Application Thread] INFO  o.e.a.s.s.AuthenticationService - User 'admin' logged out
2026-06-29 09:27:58 [JavaFX Application Thread] WARN  o.e.a.s.s.AuthenticationService - Failed authentication attempt for username: professor
2026-06-29 09:27:58 [JavaFX Application Thread] WARN  o.e.a.s.s.AuthenticationService - Failed authentication attempt for username: professor
2026-06-29 09:28:02 [JavaFX Application Thread] INFO  o.e.a.s.s.AuthenticationService - User 'professor' authenticated successfully with role: PROFESSOR
2026-06-29 09:28:15 [JavaFX Application Thread] INFO  o.e.a.system.service.ReportService - Generating class assessment summary report for role: PROFESSOR
2026-06-29 09:28:15 [JavaFX Application Thread] INFO  o.e.a.system.service.ReportService - Class assessment summary report generated successfully
